C51 COMPILER V9.57.0.0   MAIN                                                              05/18/2018 19:24:16 PAGE 1   


C51 COMPILER V9.57.0.0, COMPILATION OF MODULE MAIN
OBJECT MODULE PLACED IN .\Objects\main.obj
COMPILER INVOKED BY: C:\Keil_v5\C51\BIN\C51.EXE main.c OPTIMIZE(8,SPEED) BROWSE DEBUG OBJECTEXTEND PRINT(.\Listings\main
                    -.lst) TABS(2) OBJECT(.\Objects\main.obj)

line level    source

   1          /**
   2          * Room thermostat based on the 8051 microcontroller.
   3          * Temperature sensor : DS18B20
   4          * Developed by Stelian Saracut
   5          * 2018
   6          *
   7          */
   8          
   9          #include <reg51.h>
  10          #include <stdio.h>
  11          
  12          //display pins
  13          #define LCD_PORT P1
  14          sbit LCD_E = P1^3;
  15          sbit LCD_RS = P1^2;
  16          
  17          //display variables
  18          unsigned char * singleChar;
  19          signed int temp;
  20          char display_buffer[33];
  21          float currentTemp, setTemp;
  22          
  23          //sensor
  24          unsigned char sensorBuffer[2];
  25          sbit pin_1W=P3^3;
  26          
  27          //relay
  28          sbit pin_relay = P3^7;
  29          
  30          //keyboard
  31          sbit key_dec = P1^0;
  32          sbit key_inc = P1^1;
  33          
  34          //function headers
  35          void delay(unsigned int i);
  36          void init_1W(void);
  37          unsigned char readByte_1W(void);
  38          void writeByte_1W(unsigned char dat);
  39          void read_sensor(void);
  40          void lcd_cmd(unsigned char cmd);
  41          void lcd_chars(unsigned char * chars);
  42          void lcd_init();
  43          void get_keys();
  44          
  45          void main()
  46          {
  47   1        // I/O pins initialization
  48   1        pin_relay = 0;
  49   1        LCD_PORT = 0x0F;
  50   1        LCD_E = 0;
  51   1        LCD_RS = 0;
  52   1        key_dec = 1;
  53   1        key_inc = 1;
  54   1        setTemp = 21.0f;
C51 COMPILER V9.57.0.0   MAIN                                                              05/18/2018 19:24:16 PAGE 2   

  55   1        
  56   1        //LCD initialization
  57   1        lcd_init();
  58   1      
  59   1        while(1)
  60   1        {
  61   2          read_sensor();
  62   2          temp = sensorBuffer[0]; //lsb
  63   2          temp &= 0x00FF;
  64   2          temp |= (sensorBuffer[1] << 8);
  65   2          //convert raw sensor data to temperature
  66   2          currentTemp = temp * 0.0625;
  67   2          //format line 1
  68   2          sprintf(display_buffer, "T     = %.2f", currentTemp);
  69   2          lcd_cmd(0x01);
  70   2          lcd_cmd(0x80);
  71   2          //display line 1
  72   2          lcd_chars(display_buffer);
  73   2          //move to line 2
  74   2          lcd_cmd(0xC0);
  75   2          sprintf(display_buffer, "Set T = %.2f", setTemp);
  76   2          //display line 2
  77   2          lcd_chars(display_buffer);
  78   2          //enable relay if current temperature is lower
  79   2          pin_relay = (setTemp > currentTemp);
  80   2          //read keyboard
  81   2          get_keys();
  82   2          delay(10);
  83   2        }
  84   1      }
  85          
  86          //function implementations
  87          void delay(unsigned int i)
  88          {
  89   1          while(i--);
  90   1      }
  91          
  92          //OneWire basic functions
  93          void init_1W(void)
  94          {
  95   1          unsigned char x=0;
  96   1          pin_1W = 1;
  97   1          delay(8);
  98   1          pin_1W = 0;
  99   1          delay(80);
 100   1          pin_1W = 1;
 101   1          delay(14);
 102   1          x=pin_1W;
 103   1          delay(20);
 104   1      }
 105          
 106          unsigned char readByte_1W(void)
 107          {
 108   1          unsigned char i=0;
 109   1          unsigned char dat = 0;
 110   1          for (i=8;i>0;i--)
 111   1          {
 112   2            pin_1W = 0;
 113   2            dat>>=1;
 114   2            pin_1W = 1;
 115   2            if(pin_1W)
 116   2            dat|=0x80;
C51 COMPILER V9.57.0.0   MAIN                                                              05/18/2018 19:24:16 PAGE 3   

 117   2            delay(4);
 118   2          }
 119   1          return(dat);
 120   1      }
 121          
 122          void writeByte_1W(unsigned char dat)
 123          {
 124   1          unsigned char i=0;
 125   1          for (i=8; i>0; i--)
 126   1          {
 127   2            pin_1W = 0;
 128   2            pin_1W = dat&0x01;
 129   2            delay(5);
 130   2            pin_1W = 1;
 131   2            dat>>=1;
 132   2          }
 133   1          delay(4);
 134   1      }
 135          
 136          //temperature read for DS18B20
 137          //raw 16 bit value in sensorBuffer
 138          void read_sensor(void)
 139          {
 140   1          init_1W();
 141   1          writeByte_1W(0xCC); //skip ROM
 142   1          writeByte_1W(0x44); //convert T
 143   1          init_1W();
 144   1          writeByte_1W(0xCC); //skip ROM
 145   1          writeByte_1W(0xBE); //read scratchpad
 146   1          sensorBuffer[0]=readByte_1W();
 147   1          sensorBuffer[1]=readByte_1W();
 148   1      }
 149          
 150          //LM016L compatible LCD display functions
 151          void lcd_cmd(unsigned char cmd)
 152          {
 153   1          LCD_RS = 0;
 154   1          LCD_PORT &= 0x0F;
 155   1          LCD_PORT |= (cmd & 0xF0);
 156   1          LCD_E = 1;
 157   1          delay(100);
 158   1          LCD_E = 0;
 159   1      
 160   1          delay(1000);
 161   1      
 162   1          LCD_PORT &= 0x0F;
 163   1          LCD_PORT |= ((cmd << 4) & 0xF0);
 164   1          LCD_E = 1;
 165   1          delay(100);
 166   1          LCD_E = 0;
 167   1      
 168   1          delay(1000);
 169   1      }
 170          
 171          void lcd_chars(unsigned char * chars)
 172          {
 173   1        LCD_RS = 1;
 174   1        singleChar = chars;
 175   1      
 176   1        while(*singleChar != '\0')
 177   1        {
 178   2          LCD_PORT &= 0x0F;
C51 COMPILER V9.57.0.0   MAIN                                                              05/18/2018 19:24:16 PAGE 4   

 179   2          LCD_PORT |= ((*singleChar) & 0xF0);
 180   2          LCD_RS = 1;
 181   2          LCD_E = 1;
 182   2          delay(100);
 183   2          LCD_E = 0;
 184   2      
 185   2          delay(1000);
 186   2      
 187   2          LCD_PORT &= 0x0F;
 188   2          LCD_PORT |= (((*singleChar) << 4) & 0xF0);
 189   2          LCD_RS = 1;
 190   2          LCD_E = 1;
 191   2          delay(100);
 192   2          LCD_E = 0;
 193   2      
 194   2          delay(1000);
 195   2      
 196   2          singleChar++;
 197   2        }
 198   1      }
 199          
 200          void lcd_init()
 201          {
 202   1        lcd_cmd(0x02); //4 bit mode
 203   1        lcd_cmd(0x28); //5x7 chars
 204   1        lcd_cmd(0x0E); //cursor on
 205   1        lcd_cmd(0x01); //clear
 206   1        lcd_cmd(0x80); //move cursor to first position
 207   1      }
 208          
 209          //reads and debounces keys and modifies set temperature
 210          void get_keys()
 211          {
 212   1        key_inc = 1;
 213   1        key_dec = 1;
 214   1        
 215   1        if(!key_inc)
 216   1        {
 217   2            delay(1000);
 218   2            if (!key_inc)
 219   2              setTemp += 0.5f;
 220   2            return;
 221   2        }
 222   1        
 223   1        if(!key_dec)
 224   1        {
 225   2            delay(1000);
 226   2            if (!key_dec)
 227   2              setTemp -= 0.5f;
 228   2            return;
 229   2        }
 230   1      }


MODULE INFORMATION:   STATIC OVERLAYABLE
   CODE SIZE        =    556    ----
   CONSTANT SIZE    =     26    ----
   XDATA SIZE       =   ----    ----
   PDATA SIZE       =   ----    ----
   DATA SIZE        =     48    ----
   IDATA SIZE       =   ----    ----
   BIT SIZE         =   ----    ----
C51 COMPILER V9.57.0.0   MAIN                                                              05/18/2018 19:24:16 PAGE 5   

END OF MODULE INFORMATION.


C51 COMPILATION COMPLETE.  0 WARNING(S),  0 ERROR(S)
